Archive member included to satisfy reference by file (symbol)

c:/program files (x86)/atmel/studio/7.0/toolchain/avr8/avr8-gnu-toolchain/bin/../lib/gcc/avr/4.9.2/avr6\libgcc.a(_divmodhi4.o)
                              Joystick.o (__divmodhi4)
c:/program files (x86)/atmel/studio/7.0/toolchain/avr8/avr8-gnu-toolchain/bin/../lib/gcc/avr/4.9.2/avr6\libgcc.a(_exit.o)
                              C:/Program Files (x86)/Atmel/Studio/7.0/Packs/atmel/ATmega_DFP/1.0.90/gcc/dev/atmega2560/avr6/crtatmega2560.o (exit)
c:/program files (x86)/atmel/studio/7.0/toolchain/avr8/avr8-gnu-toolchain/bin/../lib/gcc/avr/4.9.2/avr6\libgcc.a(_copy_data.o)
                              Ctrl.o (__do_copy_data)
c:/program files (x86)/atmel/studio/7.0/toolchain/avr8/avr8-gnu-toolchain/bin/../lib/gcc/avr/4.9.2/avr6\libgcc.a(_clear_bss.o)
                              Blue.o (__do_clear_bss)
c:/program files (x86)/atmel/studio/7.0/toolchain/avr8/avr8-gnu-toolchain/bin/../lib/gcc/avr/4.9.2/avr6\libgcc.a(_udivmodhi4.o)
                              c:/program files (x86)/atmel/studio/7.0/toolchain/avr8/avr8-gnu-toolchain/bin/../lib/gcc/avr/4.9.2/avr6\libgcc.a(_divmodhi4.o) (__udivmodhi4)

Allocating common symbols
Common symbol       size              file

datacopy            0x5               Joystick.o
data                0x5               Joystick.o
res_errbuff         0x32              Result.o

Discarded input sections

 .data          0x00000000        0x0 C:/Program Files (x86)/Atmel/Studio/7.0/Packs/atmel/ATmega_DFP/1.0.90/gcc/dev/atmega2560/avr6/crtatmega2560.o
 .bss           0x00000000        0x0 C:/Program Files (x86)/Atmel/Studio/7.0/Packs/atmel/ATmega_DFP/1.0.90/gcc/dev/atmega2560/avr6/crtatmega2560.o
 .text          0x00000000        0x0 Bit.o
 .data          0x00000000        0x0 Bit.o
 .bss           0x00000000        0x0 Bit.o
 .text.GetBit   0x00000000       0x42 Bit.o
 .text.SetBit   0x00000000       0x58 Bit.o
 .debug_info    0x00000000      0x138 Bit.o
 .debug_abbrev  0x00000000       0xb0 Bit.o
 .debug_loc     0x00000000      0x152 Bit.o
 .debug_aranges
                0x00000000       0x28 Bit.o
 .debug_ranges  0x00000000       0x18 Bit.o
 .debug_line    0x00000000       0xda Bit.o
 .debug_str     0x00000000      0x184 Bit.o
 .comment       0x00000000       0x31 Bit.o
 .debug_frame   0x00000000       0x5c Bit.o
 .text          0x00000000        0x0 Blue.o
 .data          0x00000000        0x0 Blue.o
 .bss           0x00000000        0x0 Blue.o
 .text          0x00000000        0x0 Car_Defines.o
 .data          0x00000000        0x0 Car_Defines.o
 .bss           0x00000000        0x0 Car_Defines.o
 .text.from6Bit
                0x00000000        0xe Car_Defines.o
 .text          0x00000000        0x0 Ctrl.o
 .data          0x00000000        0x0 Ctrl.o
 .bss           0x00000000        0x0 Ctrl.o
 .text          0x00000000        0x0 Joystick.o
 .data          0x00000000        0x0 Joystick.o
 .bss           0x00000000        0x0 Joystick.o
 .text.Joystick_get_xraw
                0x00000000       0x14 Joystick.o
 .text.Joystick_get_yraw
                0x00000000       0x14 Joystick.o
 .text.Joystick_get_b3
                0x00000000        0x8 Joystick.o
 .text.Joystick_setled
                0x00000000        0x8 Joystick.o
 .text          0x00000000        0x0 Led.o
 .data          0x00000000        0x0 Led.o
 .bss           0x00000000        0x0 Led.o
 .text.Led_OnAll
                0x00000000       0x16 Led.o
 .text.Led_OffAll
                0x00000000       0x14 Led.o
 .text.Led_SetBit
                0x00000000       0x2e Led.o
 .text          0x00000000        0x0 main.o
 .data          0x00000000        0x0 main.o
 .bss           0x00000000        0x0 main.o
 .text          0x00000000        0x0 Result.o
 .data          0x00000000        0x0 Result.o
 .bss           0x00000000        0x0 Result.o
 .rodata.str1.1
                0x00000000       0x52 Result.o
 .text.getErrDesc
                0x00000000       0x9a Result.o
 .debug_info    0x00000000      0x108 Result.o
 .debug_abbrev  0x00000000       0xba Result.o
 .debug_loc     0x00000000       0x9e Result.o
 .debug_aranges
                0x00000000       0x20 Result.o
 .debug_ranges  0x00000000       0x10 Result.o
 .debug_line    0x00000000      0x10b Result.o
 .debug_str     0x00000000      0x189 Result.o
 .comment       0x00000000       0x31 Result.o
 .debug_frame   0x00000000       0x24 Result.o
 COMMON         0x00000000       0x32 Result.o
 .text          0x00000000        0x0 c:/program files (x86)/atmel/studio/7.0/toolchain/avr8/avr8-gnu-toolchain/bin/../lib/gcc/avr/4.9.2/avr6\libgcc.a(_divmodhi4.o)
 .data          0x00000000        0x0 c:/program files (x86)/atmel/studio/7.0/toolchain/avr8/avr8-gnu-toolchain/bin/../lib/gcc/avr/4.9.2/avr6\libgcc.a(_divmodhi4.o)
 .bss           0x00000000        0x0 c:/program files (x86)/atmel/studio/7.0/toolchain/avr8/avr8-gnu-toolchain/bin/../lib/gcc/avr/4.9.2/avr6\libgcc.a(_divmodhi4.o)
 .text.libgcc.mul
                0x00000000        0x0 c:/program files (x86)/atmel/studio/7.0/toolchain/avr8/avr8-gnu-toolchain/bin/../lib/gcc/avr/4.9.2/avr6\libgcc.a(_divmodhi4.o)
 .text.libgcc   0x00000000        0x0 c:/program files (x86)/atmel/studio/7.0/toolchain/avr8/avr8-gnu-toolchain/bin/../lib/gcc/avr/4.9.2/avr6\libgcc.a(_divmodhi4.o)
 .text.libgcc.prologue
                0x00000000        0x0 c:/program files (x86)/atmel/studio/7.0/toolchain/avr8/avr8-gnu-toolchain/bin/../lib/gcc/avr/4.9.2/avr6\libgcc.a(_divmodhi4.o)
 .text.libgcc.builtins
                0x00000000        0x0 c:/program files (x86)/atmel/studio/7.0/toolchain/avr8/avr8-gnu-toolchain/bin/../lib/gcc/avr/4.9.2/avr6\libgcc.a(_divmodhi4.o)
 .text.libgcc.fmul
                0x00000000        0x0 c:/program files (x86)/atmel/studio/7.0/toolchain/avr8/avr8-gnu-toolchain/bin/../lib/gcc/avr/4.9.2/avr6\libgcc.a(_divmodhi4.o)
 .text.libgcc.fixed
                0x00000000        0x0 c:/program files (x86)/atmel/studio/7.0/toolchain/avr8/avr8-gnu-toolchain/bin/../lib/gcc/avr/4.9.2/avr6\libgcc.a(_divmodhi4.o)
 .text          0x00000000        0x0 c:/program files (x86)/atmel/studio/7.0/toolchain/avr8/avr8-gnu-toolchain/bin/../lib/gcc/avr/4.9.2/avr6\libgcc.a(_exit.o)
 .data          0x00000000        0x0 c:/program files (x86)/atmel/studio/7.0/toolchain/avr8/avr8-gnu-toolchain/bin/../lib/gcc/avr/4.9.2/avr6\libgcc.a(_exit.o)
 .bss           0x00000000        0x0 c:/program files (x86)/atmel/studio/7.0/toolchain/avr8/avr8-gnu-toolchain/bin/../lib/gcc/avr/4.9.2/avr6\libgcc.a(_exit.o)
 .text.libgcc.mul
                0x00000000        0x0 c:/program files (x86)/atmel/studio/7.0/toolchain/avr8/avr8-gnu-toolchain/bin/../lib/gcc/avr/4.9.2/avr6\libgcc.a(_exit.o)
 .text.libgcc.div
                0x00000000        0x0 c:/program files (x86)/atmel/studio/7.0/toolchain/avr8/avr8-gnu-toolchain/bin/../lib/gcc/avr/4.9.2/avr6\libgcc.a(_exit.o)
 .text.libgcc   0x00000000        0x0 c:/program files (x86)/atmel/studio/7.0/toolchain/avr8/avr8-gnu-toolchain/bin/../lib/gcc/avr/4.9.2/avr6\libgcc.a(_exit.o)
 .text.libgcc.prologue
                0x00000000        0x0 c:/program files (x86)/atmel/studio/7.0/toolchain/avr8/avr8-gnu-toolchain/bin/../lib/gcc/avr/4.9.2/avr6\libgcc.a(_exit.o)
 .text.libgcc.builtins
                0x00000000        0x0 c:/program files (x86)/atmel/studio/7.0/toolchain/avr8/avr8-gnu-toolchain/bin/../lib/gcc/avr/4.9.2/avr6\libgcc.a(_exit.o)
 .text.libgcc.fmul
                0x00000000        0x0 c:/program files (x86)/atmel/studio/7.0/toolchain/avr8/avr8-gnu-toolchain/bin/../lib/gcc/avr/4.9.2/avr6\libgcc.a(_exit.o)
 .text.libgcc.fixed
                0x00000000        0x0 c:/program files (x86)/atmel/studio/7.0/toolchain/avr8/avr8-gnu-toolchain/bin/../lib/gcc/avr/4.9.2/avr6\libgcc.a(_exit.o)
 .text          0x00000000        0x0 c:/program files (x86)/atmel/studio/7.0/toolchain/avr8/avr8-gnu-toolchain/bin/../lib/gcc/avr/4.9.2/avr6\libgcc.a(_copy_data.o)
 .data          0x00000000        0x0 c:/program files (x86)/atmel/studio/7.0/toolchain/avr8/avr8-gnu-toolchain/bin/../lib/gcc/avr/4.9.2/avr6\libgcc.a(_copy_data.o)
 .bss           0x00000000        0x0 c:/program files (x86)/atmel/studio/7.0/toolchain/avr8/avr8-gnu-toolchain/bin/../lib/gcc/avr/4.9.2/avr6\libgcc.a(_copy_data.o)
 .text.libgcc.mul
                0x00000000        0x0 c:/program files (x86)/atmel/studio/7.0/toolchain/avr8/avr8-gnu-toolchain/bin/../lib/gcc/avr/4.9.2/avr6\libgcc.a(_copy_data.o)
 .text.libgcc.div
                0x00000000        0x0 c:/program files (x86)/atmel/studio/7.0/toolchain/avr8/avr8-gnu-toolchain/bin/../lib/gcc/avr/4.9.2/avr6\libgcc.a(_copy_data.o)
 .text.libgcc   0x00000000        0x0 c:/program files (x86)/atmel/studio/7.0/toolchain/avr8/avr8-gnu-toolchain/bin/../lib/gcc/avr/4.9.2/avr6\libgcc.a(_copy_data.o)
 .text.libgcc.prologue
                0x00000000        0x0 c:/program files (x86)/atmel/studio/7.0/toolchain/avr8/avr8-gnu-toolchain/bin/../lib/gcc/avr/4.9.2/avr6\libgcc.a(_copy_data.o)
 .text.libgcc.builtins
                0x00000000        0x0 c:/program files (x86)/atmel/studio/7.0/toolchain/avr8/avr8-gnu-toolchain/bin/../lib/gcc/avr/4.9.2/avr6\libgcc.a(_copy_data.o)
 .text.libgcc.fmul
                0x00000000        0x0 c:/program files (x86)/atmel/studio/7.0/toolchain/avr8/avr8-gnu-toolchain/bin/../lib/gcc/avr/4.9.2/avr6\libgcc.a(_copy_data.o)
 .text.libgcc.fixed
                0x00000000        0x0 c:/program files (x86)/atmel/studio/7.0/toolchain/avr8/avr8-gnu-toolchain/bin/../lib/gcc/avr/4.9.2/avr6\libgcc.a(_copy_data.o)
 .text          0x00000000        0x0 c:/program files (x86)/atmel/studio/7.0/toolchain/avr8/avr8-gnu-toolchain/bin/../lib/gcc/avr/4.9.2/avr6\libgcc.a(_clear_bss.o)
 .data          0x00000000        0x0 c:/program files (x86)/atmel/studio/7.0/toolchain/avr8/avr8-gnu-toolchain/bin/../lib/gcc/avr/4.9.2/avr6\libgcc.a(_clear_bss.o)
 .bss           0x00000000        0x0 c:/program files (x86)/atmel/studio/7.0/toolchain/avr8/avr8-gnu-toolchain/bin/../lib/gcc/avr/4.9.2/avr6\libgcc.a(_clear_bss.o)
 .text.libgcc.mul
                0x00000000        0x0 c:/program files (x86)/atmel/studio/7.0/toolchain/avr8/avr8-gnu-toolchain/bin/../lib/gcc/avr/4.9.2/avr6\libgcc.a(_clear_bss.o)
 .text.libgcc.div
                0x00000000        0x0 c:/program files (x86)/atmel/studio/7.0/toolchain/avr8/avr8-gnu-toolchain/bin/../lib/gcc/avr/4.9.2/avr6\libgcc.a(_clear_bss.o)
 .text.libgcc   0x00000000        0x0 c:/program files (x86)/atmel/studio/7.0/toolchain/avr8/avr8-gnu-toolchain/bin/../lib/gcc/avr/4.9.2/avr6\libgcc.a(_clear_bss.o)
 .text.libgcc.prologue
                0x00000000        0x0 c:/program files (x86)/atmel/studio/7.0/toolchain/avr8/avr8-gnu-toolchain/bin/../lib/gcc/avr/4.9.2/avr6\libgcc.a(_clear_bss.o)
 .text.libgcc.builtins
                0x00000000        0x0 c:/program files (x86)/atmel/studio/7.0/toolchain/avr8/avr8-gnu-toolchain/bin/../lib/gcc/avr/4.9.2/avr6\libgcc.a(_clear_bss.o)
 .text.libgcc.fmul
                0x00000000        0x0 c:/program files (x86)/atmel/studio/7.0/toolchain/avr8/avr8-gnu-toolchain/bin/../lib/gcc/avr/4.9.2/avr6\libgcc.a(_clear_bss.o)
 .text.libgcc.fixed
                0x00000000        0x0 c:/program files (x86)/atmel/studio/7.0/toolchain/avr8/avr8-gnu-toolchain/bin/../lib/gcc/avr/4.9.2/avr6\libgcc.a(_clear_bss.o)
 .text          0x00000000        0x0 c:/program files (x86)/atmel/studio/7.0/toolchain/avr8/avr8-gnu-toolchain/bin/../lib/gcc/avr/4.9.2/avr6\libgcc.a(_udivmodhi4.o)
 .data          0x00000000        0x0 c:/program files (x86)/atmel/studio/7.0/toolchain/avr8/avr8-gnu-toolchain/bin/../lib/gcc/avr/4.9.2/avr6\libgcc.a(_udivmodhi4.o)
 .bss           0x00000000        0x0 c:/program files (x86)/atmel/studio/7.0/toolchain/avr8/avr8-gnu-toolchain/bin/../lib/gcc/avr/4.9.2/avr6\libgcc.a(_udivmodhi4.o)
 .text.libgcc.mul
                0x00000000        0x0 c:/program files (x86)/atmel/studio/7.0/toolchain/avr8/avr8-gnu-toolchain/bin/../lib/gcc/avr/4.9.2/avr6\libgcc.a(_udivmodhi4.o)
 .text.libgcc   0x00000000        0x0 c:/program files (x86)/atmel/studio/7.0/toolchain/avr8/avr8-gnu-toolchain/bin/../lib/gcc/avr/4.9.2/avr6\libgcc.a(_udivmodhi4.o)
 .text.libgcc.prologue
                0x00000000        0x0 c:/program files (x86)/atmel/studio/7.0/toolchain/avr8/avr8-gnu-toolchain/bin/../lib/gcc/avr/4.9.2/avr6\libgcc.a(_udivmodhi4.o)
 .text.libgcc.builtins
                0x00000000        0x0 c:/program files (x86)/atmel/studio/7.0/toolchain/avr8/avr8-gnu-toolchain/bin/../lib/gcc/avr/4.9.2/avr6\libgcc.a(_udivmodhi4.o)
 .text.libgcc.fmul
                0x00000000        0x0 c:/program files (x86)/atmel/studio/7.0/toolchain/avr8/avr8-gnu-toolchain/bin/../lib/gcc/avr/4.9.2/avr6\libgcc.a(_udivmodhi4.o)
 .text.libgcc.fixed
                0x00000000        0x0 c:/program files (x86)/atmel/studio/7.0/toolchain/avr8/avr8-gnu-toolchain/bin/../lib/gcc/avr/4.9.2/avr6\libgcc.a(_udivmodhi4.o)

Memory Configuration

Name             Origin             Length             Attributes
text             0x00000000         0x00100000         xr
data             0x00800200         0x0000fe00         rw !x
eeprom           0x00810000         0x00010000         rw !x
fuse             0x00820000         0x00000400         rw !x
lock             0x00830000         0x00000400         rw !x
signature        0x00840000         0x00000400         rw !x
user_signatures  0x00850000         0x00000400         rw !x
*default*        0x00000000         0xffffffff

Linker script and memory map

Address of section .data set to 0x800200
LOAD C:/Program Files (x86)/Atmel/Studio/7.0/Packs/atmel/ATmega_DFP/1.0.90/gcc/dev/atmega2560/avr6/crtatmega2560.o
LOAD Bit.o
LOAD Blue.o
LOAD Car_Defines.o
LOAD Ctrl.o
LOAD Joystick.o
LOAD Led.o
LOAD main.o
LOAD Result.o
START GROUP
LOAD c:/program files (x86)/atmel/studio/7.0/toolchain/avr8/avr8-gnu-toolchain/bin/../lib/gcc/avr/4.9.2/../../../../avr/lib/avr6\libm.a
END GROUP
START GROUP
LOAD c:/program files (x86)/atmel/studio/7.0/toolchain/avr8/avr8-gnu-toolchain/bin/../lib/gcc/avr/4.9.2/avr6\libgcc.a
LOAD c:/program files (x86)/atmel/studio/7.0/toolchain/avr8/avr8-gnu-toolchain/bin/../lib/gcc/avr/4.9.2/../../../../avr/lib/avr6\libm.a
LOAD c:/program files (x86)/atmel/studio/7.0/toolchain/avr8/avr8-gnu-toolchain/bin/../lib/gcc/avr/4.9.2/../../../../avr/lib/avr6\libc.a
LOAD C:/Program Files (x86)/Atmel/Studio/7.0/Packs/atmel/ATmega_DFP/1.0.90/gcc/dev/atmega2560/avr6\libatmega2560.a
END GROUP

.hash
 *(.hash)

.dynsym
 *(.dynsym)

.dynstr
 *(.dynstr)

.gnu.version
 *(.gnu.version)

.gnu.version_d
 *(.gnu.version_d)

.gnu.version_r
 *(.gnu.version_r)

.rel.init
 *(.rel.init)

.rela.init
 *(.rela.init)

.rel.text
 *(.rel.text)
 *(.rel.text.*)
 *(.rel.gnu.linkonce.t*)

.rela.text
 *(.rela.text)
 *(.rela.text.*)
 *(.rela.gnu.linkonce.t*)

.rel.fini
 *(.rel.fini)

.rela.fini
 *(.rela.fini)

.rel.rodata
 *(.rel.rodata)
 *(.rel.rodata.*)
 *(.rel.gnu.linkonce.r*)

.rela.rodata
 *(.rela.rodata)
 *(.rela.rodata.*)
 *(.rela.gnu.linkonce.r*)

.rel.data
 *(.rel.data)
 *(.rel.data.*)
 *(.rel.gnu.linkonce.d*)

.rela.data
 *(.rela.data)
 *(.rela.data.*)
 *(.rela.gnu.linkonce.d*)

.rel.ctors
 *(.rel.ctors)

.rela.ctors
 *(.rela.ctors)

.rel.dtors
 *(.rel.dtors)

.rela.dtors
 *(.rela.dtors)

.rel.got
 *(.rel.got)

.rela.got
 *(.rela.got)

.rel.bss
 *(.rel.bss)

.rela.bss
 *(.rela.bss)

.rel.plt
 *(.rel.plt)

.rela.plt
 *(.rela.plt)

.text           0x00000000      0x5fa
 *(.vectors)
 .vectors       0x00000000       0xe4 C:/Program Files (x86)/Atmel/Studio/7.0/Packs/atmel/ATmega_DFP/1.0.90/gcc/dev/atmega2560/avr6/crtatmega2560.o
                0x00000000                __vector_default
                0x00000000                __vectors
 *(.vectors)
 *(.progmem.gcc*)
                0x000000e4                . = ALIGN (0x2)
                0x000000e4                __trampolines_start = .
 *(.trampolines)
 .trampolines   0x000000e4        0x0 linker stubs
 *(.trampolines*)
                0x000000e4                __trampolines_end = .
 *(.progmem*)
                0x000000e4                . = ALIGN (0x2)
 *(.jumptables)
 *(.jumptables*)
 *(.lowtext)
 *(.lowtext*)
                0x000000e4                __ctors_start = .
 *(.ctors)
                0x000000e4                __ctors_end = .
                0x000000e4                __dtors_start = .
 *(.dtors)
                0x000000e4                __dtors_end = .
 SORT(*)(.ctors)
 SORT(*)(.dtors)
 *(.init0)
 .init0         0x000000e4        0x0 C:/Program Files (x86)/Atmel/Studio/7.0/Packs/atmel/ATmega_DFP/1.0.90/gcc/dev/atmega2560/avr6/crtatmega2560.o
                0x000000e4                __init
 *(.init0)
 *(.init1)
 *(.init1)
 *(.init2)
 .init2         0x000000e4       0x10 C:/Program Files (x86)/Atmel/Studio/7.0/Packs/atmel/ATmega_DFP/1.0.90/gcc/dev/atmega2560/avr6/crtatmega2560.o
 *(.init2)
 *(.init3)
 *(.init3)
 *(.init4)
 .init4         0x000000f4       0x1a c:/program files (x86)/atmel/studio/7.0/toolchain/avr8/avr8-gnu-toolchain/bin/../lib/gcc/avr/4.9.2/avr6\libgcc.a(_copy_data.o)
                0x000000f4                __do_copy_data
 .init4         0x0000010e       0x10 c:/program files (x86)/atmel/studio/7.0/toolchain/avr8/avr8-gnu-toolchain/bin/../lib/gcc/avr/4.9.2/avr6\libgcc.a(_clear_bss.o)
                0x0000010e                __do_clear_bss
 *(.init4)
 *(.init5)
 *(.init5)
 *(.init6)
 *(.init6)
 *(.init7)
 *(.init7)
 *(.init8)
 *(.init8)
 *(.init9)
 .init9         0x0000011e        0x4 C:/Program Files (x86)/Atmel/Studio/7.0/Packs/atmel/ATmega_DFP/1.0.90/gcc/dev/atmega2560/avr6/crtatmega2560.o
 *(.init9)
 *(.text)
 .text          0x00000122        0x2 C:/Program Files (x86)/Atmel/Studio/7.0/Packs/atmel/ATmega_DFP/1.0.90/gcc/dev/atmega2560/avr6/crtatmega2560.o
                0x00000122                __vector_38
                0x00000122                __vector_22
                0x00000122                __vector_28
                0x00000122                __vector_1
                0x00000122                __vector_32
                0x00000122                __vector_34
                0x00000122                __vector_24
                0x00000122                __vector_12
                0x00000122                __vector_55
                0x00000122                __vector_46
                0x00000122                __bad_interrupt
                0x00000122                __vector_6
                0x00000122                __vector_31
                0x00000122                __vector_35
                0x00000122                __vector_39
                0x00000122                __vector_3
                0x00000122                __vector_23
                0x00000122                __vector_30
                0x00000122                __vector_45
                0x00000122                __vector_25
                0x00000122                __vector_11
                0x00000122                __vector_54
                0x00000122                __vector_13
                0x00000122                __vector_17
                0x00000122                __vector_19
                0x00000122                __vector_56
                0x00000122                __vector_7
                0x00000122                __vector_49
                0x00000122                __vector_41
                0x00000122                __vector_43
                0x00000122                __vector_27
                0x00000122                __vector_5
                0x00000122                __vector_33
                0x00000122                __vector_47
                0x00000122                __vector_52
                0x00000122                __vector_37
                0x00000122                __vector_4
                0x00000122                __vector_44
                0x00000122                __vector_51
                0x00000122                __vector_9
                0x00000122                __vector_2
                0x00000122                __vector_21
                0x00000122                __vector_15
                0x00000122                __vector_36
                0x00000122                __vector_29
                0x00000122                __vector_40
                0x00000122                __vector_8
                0x00000122                __vector_26
                0x00000122                __vector_48
                0x00000122                __vector_14
                0x00000122                __vector_53
                0x00000122                __vector_10
                0x00000122                __vector_50
                0x00000122                __vector_16
                0x00000122                __vector_18
                0x00000122                __vector_20
                0x00000122                __vector_42
                0x00000124                . = ALIGN (0x2)
 *(.text.*)
 .text.Blue_Init
                0x00000124       0x28 Blue.o
                0x00000124                Blue_Init
 .text.Blue_Get
                0x0000014c       0x24 Blue.o
                0x0000014c                Blue_Get
 .text.Blue_Send
                0x00000170       0x1e Blue.o
                0x00000170                Blue_Send
 .text.to6Bit   0x0000018e       0x1e Car_Defines.o
                0x0000018e                to6Bit
 .text.Car_SetDefaultValues
                0x000001ac       0x1e Ctrl.o
                0x000001ac                Car_SetDefaultValues
 .text.Ctrl_init
                0x000001ca        0x4 Ctrl.o
                0x000001ca                Ctrl_init
 .text.Ctrl_GetBoostFactor
                0x000001ce        0x6 Ctrl.o
                0x000001ce                Ctrl_GetBoostFactor
 .text.Ctrl_connect
                0x000001d4       0x80 Ctrl.o
                0x000001d4                Ctrl_connect
 .text.Ctrl_isConnected
                0x00000254        0x6 Ctrl.o
                0x00000254                Ctrl_isConnected
 .text.Ctrl_Update
                0x0000025a       0x90 Ctrl.o
                0x0000025a                Ctrl_Update
 .text.Ctrl_UpdateData
                0x000002ea       0x74 Ctrl.o
                0x000002ea                Ctrl_UpdateData
 .text.Joystick_init
                0x0000035e       0x1c Joystick.o
                0x0000035e                Joystick_init
 .text.Joystick_step
                0x0000037a       0x8a Joystick.o
                0x0000037a                Joystick_step
 .text.Joystick_get_b1
                0x00000404        0xa Joystick.o
                0x00000404                Joystick_get_b1
 .text.Joystick_get_b2
                0x0000040e        0xc Joystick.o
                0x0000040e                Joystick_get_b2
 .text.Joystick_get_x
                0x0000041a       0x46 Joystick.o
                0x0000041a                Joystick_get_x
 .text.Joystick_get_y
                0x00000460       0x46 Joystick.o
                0x00000460                Joystick_get_y
 .text.Led_Init
                0x000004a6       0x1a Led.o
                0x000004a6                Led_Init
 .text.DLed_Init
                0x000004c0        0xc Led.o
                0x000004c0                DLed_Init
 .text.DLed_Set
                0x000004cc        0x6 Led.o
                0x000004cc                DLed_Set
 .text.Led_ShiftLeft
                0x000004d2       0x24 Led.o
                0x000004d2                Led_ShiftLeft
 .text.Led_ShiftRight
                0x000004f6       0x28 Led.o
                0x000004f6                Led_ShiftRight
 .text.Led_Set  0x0000051e       0x14 Led.o
                0x0000051e                Led_Set
 .text.main     0x00000532       0x76 main.o
                0x00000532                main
 .text.libgcc.div
                0x000005a8       0x26 c:/program files (x86)/atmel/studio/7.0/toolchain/avr8/avr8-gnu-toolchain/bin/../lib/gcc/avr/4.9.2/avr6\libgcc.a(_divmodhi4.o)
                0x000005a8                _div
                0x000005a8                __divmodhi4
 .text.libgcc.div
                0x000005ce       0x28 c:/program files (x86)/atmel/studio/7.0/toolchain/avr8/avr8-gnu-toolchain/bin/../lib/gcc/avr/4.9.2/avr6\libgcc.a(_udivmodhi4.o)
                0x000005ce                __udivmodhi4
                0x000005f6                . = ALIGN (0x2)
 *(.fini9)
 .fini9         0x000005f6        0x0 c:/program files (x86)/atmel/studio/7.0/toolchain/avr8/avr8-gnu-toolchain/bin/../lib/gcc/avr/4.9.2/avr6\libgcc.a(_exit.o)
                0x000005f6                _exit
                0x000005f6                exit
 *(.fini9)
 *(.fini8)
 *(.fini8)
 *(.fini7)
 *(.fini7)
 *(.fini6)
 *(.fini6)
 *(.fini5)
 *(.fini5)
 *(.fini4)
 *(.fini4)
 *(.fini3)
 *(.fini3)
 *(.fini2)
 *(.fini2)
 *(.fini1)
 *(.fini1)
 *(.fini0)
 .fini0         0x000005f6        0x4 c:/program files (x86)/atmel/studio/7.0/toolchain/avr8/avr8-gnu-toolchain/bin/../lib/gcc/avr/4.9.2/avr6\libgcc.a(_exit.o)
 *(.fini0)
                0x000005fa                _etext = .

.data           0x00800200        0x4 load address 0x000005fa
                0x00800200                PROVIDE (__data_start, .)
 *(.data)
 *(.data*)
 .data.boostFactor
                0x00800200        0x1 Ctrl.o
                0x00800200                boostFactor
 .data.LedDat   0x00800201        0x1 Joystick.o
                0x00800201                LedDat
 .data.i        0x00800202        0x1 Joystick.o
                0x00800202                i
 *(.rodata)
 *(.rodata*)
 *(.gnu.linkonce.d*)
                0x00800204                . = ALIGN (0x2)
 *fill*         0x00800203        0x1 
                0x00800204                _edata = .
                0x00800204                PROVIDE (__data_end, .)

.bss            0x00800204       0x15
                0x00800204                PROVIDE (__bss_start, .)
 *(.bss)
 *(.bss*)
 .bss.blueIsInit
                0x00800204        0x1 Blue.o
                0x00800204                blueIsInit
 .bss.timer.1615
                0x00800205        0x2 Ctrl.o
 .bss.lastBoost
                0x00800207        0x1 Ctrl.o
                0x00800207                lastBoost
 .bss.lastPanicButton
                0x00800208        0x1 Ctrl.o
                0x00800208                lastPanicButton
 .bss.lastSteer
                0x00800209        0x1 Ctrl.o
                0x00800209                lastSteer
 .bss.lastSpeed
                0x0080020a        0x1 Ctrl.o
                0x0080020a                lastSpeed
 .bss.chFlags   0x0080020b        0x1 Ctrl.o
                0x0080020b                chFlags
 .bss.CTRL_CONNECTED
                0x0080020c        0x1 Ctrl.o
                0x0080020c                CTRL_CONNECTED
 .bss.Joystickisinit
                0x0080020d        0x1 Joystick.o
                0x0080020d                Joystickisinit
 .bss.ledIsInit
                0x0080020e        0x1 Led.o
                0x0080020e                ledIsInit
 *(COMMON)
 COMMON         0x0080020f        0xa Joystick.o
                0x0080020f                datacopy
                0x00800214                data
                0x00800219                PROVIDE (__bss_end, .)
                0x000005fa                __data_load_start = LOADADDR (.data)
                0x000005fe                __data_load_end = (__data_load_start + SIZEOF (.data))

.noinit         0x00800219        0x0
                0x00800219                PROVIDE (__noinit_start, .)
 *(.noinit*)
                0x00800219                PROVIDE (__noinit_end, .)
                0x00800219                _end = .
                0x00800219                PROVIDE (__heap_start, .)

.eeprom         0x00810000        0x0
 *(.eeprom*)
                0x00810000                __eeprom_end = .

.fuse
 *(.fuse)
 *(.lfuse)
 *(.hfuse)
 *(.efuse)

.lock
 *(.lock*)

.signature
 *(.signature*)

.user_signatures
 *(.user_signatures*)

.stab
 *(.stab)

.stabstr
 *(.stabstr)

.stab.excl
 *(.stab.excl)

.stab.exclstr
 *(.stab.exclstr)

.stab.index
 *(.stab.index)

.stab.indexstr
 *(.stab.indexstr)

.comment        0x00000000       0x30
 *(.comment)
 .comment       0x00000000       0x30 Blue.o
                                 0x31 (size before relaxing)
 .comment       0x00000030       0x31 Car_Defines.o
 .comment       0x00000030       0x31 Ctrl.o
 .comment       0x00000030       0x31 Joystick.o
 .comment       0x00000030       0x31 Led.o
 .comment       0x00000030       0x31 main.o

.note.gnu.avr.deviceinfo
                0x00000000       0x40
 .note.gnu.avr.deviceinfo
                0x00000000       0x40 C:/Program Files (x86)/Atmel/Studio/7.0/Packs/atmel/ATmega_DFP/1.0.90/gcc/dev/atmega2560/avr6/crtatmega2560.o

.note.gnu.build-id
 *(.note.gnu.build-id)

.debug
 *(.debug)

.line
 *(.line)

.debug_srcinfo
 *(.debug_srcinfo)

.debug_sfnames
 *(.debug_sfnames)

.debug_aranges  0x00000000      0x190
 *(.debug_aranges)
 .debug_aranges
                0x00000000       0x30 Blue.o
 .debug_aranges
                0x00000030       0x28 Car_Defines.o
 .debug_aranges
                0x00000058       0x50 Ctrl.o
 .debug_aranges
                0x000000a8       0x68 Joystick.o
 .debug_aranges
                0x00000110       0x60 Led.o
 .debug_aranges
                0x00000170       0x20 main.o

.debug_pubnames
 *(.debug_pubnames)

.debug_info     0x00000000      0xd76
 *(.debug_info .gnu.linkonce.wi.*)
 .debug_info    0x00000000      0x117 Blue.o
 .debug_info    0x00000117       0xe5 Car_Defines.o
 .debug_info    0x000001fc      0x378 Ctrl.o
 .debug_info    0x00000574      0x29d Joystick.o
 .debug_info    0x00000811      0x1ec Led.o
 .debug_info    0x000009fd      0x379 main.o

.debug_abbrev   0x00000000      0x5e7
 *(.debug_abbrev)
 .debug_abbrev  0x00000000       0xa3 Blue.o
 .debug_abbrev  0x000000a3       0x9d Car_Defines.o
 .debug_abbrev  0x00000140      0x18c Ctrl.o
 .debug_abbrev  0x000002cc       0xf7 Joystick.o
 .debug_abbrev  0x000003c3      0x119 Led.o
 .debug_abbrev  0x000004dc      0x10b main.o

.debug_line     0x00000000      0xaec
 *(.debug_line .debug_line.* .debug_line_end)
 .debug_line    0x00000000      0x137 Blue.o
 .debug_line    0x00000137       0xf6 Car_Defines.o
 .debug_line    0x0000022d      0x28d Ctrl.o
 .debug_line    0x000004ba      0x2ab Joystick.o
 .debug_line    0x00000765      0x20d Led.o
 .debug_line    0x00000972      0x17a main.o

.debug_frame    0x00000000      0x2b0
 *(.debug_frame)
 .debug_frame   0x00000000       0x44 Blue.o
 .debug_frame   0x00000044       0x34 Car_Defines.o
 .debug_frame   0x00000078       0xb0 Ctrl.o
 .debug_frame   0x00000128       0xb4 Joystick.o
 .debug_frame   0x000001dc       0xb0 Led.o
 .debug_frame   0x0000028c       0x24 main.o

.debug_str      0x00000000      0x425
 *(.debug_str)
 .debug_str     0x00000000      0x162 Blue.o
                                0x196 (size before relaxing)
 .debug_str     0x00000162       0x64 Car_Defines.o
                                0x18b (size before relaxing)
 .debug_str     0x000001c6       0xf4 Ctrl.o
                                0x295 (size before relaxing)
 .debug_str     0x000002ba       0xe6 Joystick.o
                                0x270 (size before relaxing)
 .debug_str     0x000003a0       0x6e Led.o
                                0x1ee (size before relaxing)
 .debug_str     0x0000040e       0x17 main.o
                                0x28d (size before relaxing)

.debug_loc      0x00000000      0x554
 *(.debug_loc)
 .debug_loc     0x00000000       0xa0 Blue.o
 .debug_loc     0x000000a0       0x8c Car_Defines.o
 .debug_loc     0x0000012c      0x137 Ctrl.o
 .debug_loc     0x00000263      0x158 Joystick.o
 .debug_loc     0x000003bb       0xf2 Led.o
 .debug_loc     0x000004ad       0xa7 main.o

.debug_macinfo
 *(.debug_macinfo)

.debug_weaknames
 *(.debug_weaknames)

.debug_funcnames
 *(.debug_funcnames)

.debug_typenames
 *(.debug_typenames)

.debug_varnames
 *(.debug_varnames)

.debug_pubtypes
 *(.debug_pubtypes)

.debug_ranges   0x00000000      0x130
 *(.debug_ranges)
 .debug_ranges  0x00000000       0x20 Blue.o
 .debug_ranges  0x00000020       0x18 Car_Defines.o
 .debug_ranges  0x00000038       0x40 Ctrl.o
 .debug_ranges  0x00000078       0x58 Joystick.o
 .debug_ranges  0x000000d0       0x50 Led.o
 .debug_ranges  0x00000120       0x10 main.o

.debug_macro
 *(.debug_macro)
OUTPUT(GccApplication2.elf elf32-avr)
LOAD linker stubs
